python:function__entry call_stack.py start 23
python:function__entry call_stack.py function_1 1
python:function__entry call_stack.py function_3 9
python:function__return call_stack.py function_3 10
python:function__return call_stack.py function_1 2
python:function__entry call_stack.py function_2 5
python:function__entry call_stack.py function_1 1
python:function__entry call_stack.py function_3 9
python:function__return call_stack.py function_3 10
python:function__return call_stack.py function_1 2
python:function__return call_stack.py function_2 6
python:function__entry call_stack.py function_3 9
python:function__return call_stack.py function_3 10
python:function__entry call_stack.py function_4 13
python:function__return call_stack.py function_4 14
python:function__entry call_stack.py function_5 18
python:function__return call_stack.py function_5 21
python:function__return call_stack.py start 28
