python:line line.py test_line 2
python:line line.py test_line 3
python:line line.py test_line 4
python:line line.py test_line 5
python:line line.py test_line 6
python:line line.py test_line 7
python:line line.py test_line 8
python:line line.py test_line 9
python:line line.py test_line 10
python:line line.py test_line 11
python:line line.py test_line 4
python:line line.py test_line 5
python:line line.py test_line 6
python:line line.py test_line 7
python:line line.py test_line 8
python:line line.py test_line 10
python:line line.py test_line 11
python:line line.py test_line 4
python:line line.py test_line 12
python:line line.py test_line 13
